// Jest Snapshot v1, https://goo.gl/fbAQLP

exports[`inicio dos testes renderizando de forma correta 1`] = `null`;
